{"level":"info","message":"Hello from Acquisitions!","service":"aquisitions-api"}
{"level":"info","message":"::1 - - [05/Jun/2026:05:49:08 +0000] \"GET / HTTP/1.1\" 304 - \"-\" \"Mozilla/5.0 (Windows NT 10.0; Win64; x64) AppleWebKit/537.36 (KHTML, like Gecko) Chrome/148.0.0.0 Safari/537.36\"","service":"aquisitions-api"}
{"level":"info","message":"::1 - - [05/Jun/2026:05:49:08 +0000] \"GET /favicon.ico HTTP/1.1\" 404 150 \"-\" \"Mozilla/5.0 (Windows NT 10.0; Win64; x64) AppleWebKit/537.36 (KHTML, like Gecko) Chrome/148.0.0.0 Safari/537.36\"","service":"aquisitions-api"}
{"level":"info","message":"Hello from Acquisitions!","service":"aquisitions-api"}
{"level":"info","message":"::1 - - [05/Jun/2026:06:19:01 +0000] \"GET / HTTP/1.1\" 200 24 \"-\" \"HTTPie\"","service":"aquisitions-api"}
{"level":"info","message":"Hello from Acquisitions!","service":"aquisitions-api"}
{"level":"info","message":"::1 - - [05/Jun/2026:06:19:23 +0000] \"GET / HTTP/1.1\" 200 24 \"-\" \"HTTPie\"","service":"aquisitions-api"}
{"level":"info","message":"::1 - - [05/Jun/2026:06:19:56 +0000] \"GET /api/ HTTP/1.1\" 200 41 \"-\" \"HTTPie\"","service":"aquisitions-api"}
{"level":"info","message":"::1 - - [05/Jun/2026:06:20:18 +0000] \"GET /health/ HTTP/1.1\" 200 75 \"-\" \"HTTPie\"","service":"aquisitions-api"}
{"level":"info","message":"::1 - - [05/Jun/2026:06:20:47 +0000] \"POST /api/auth/sign-in/ HTTP/1.1\" 200 31 \"-\" \"HTTPie\"","service":"aquisitions-api"}
{"level":"info","message":"::1 - - [05/Jun/2026:06:58:00 +0000] \"POST /api/auth/sign-up/ HTTP/1.1\" 200 31 \"-\" \"HTTPie\"","service":"aquisitions-api"}
{"level":"info","message":"Hello from Acquisitions!","service":"aquisitions-api"}
{"level":"info","message":"::1 - - [05/Jun/2026:08:12:49 +0000] \"GET / HTTP/1.1\" 304 - \"-\" \"Mozilla/5.0 (Windows NT 10.0; Win64; x64) AppleWebKit/537.36 (KHTML, like Gecko) Chrome/148.0.0.0 Safari/537.36\"","service":"aquisitions-api"}
{"level":"info","message":"::1 - - [05/Jun/2026:08:13:00 +0000] \"POST /api/auth/sign-in/ HTTP/1.1\" 200 31 \"-\" \"HTTPie\"","service":"aquisitions-api"}
{"level":"info","message":"::1 - - [05/Jun/2026:08:14:10 +0000] \"POST /api/auth/sign-up/ HTTP/1.1\" 400 92 \"-\" \"HTTPie\"","service":"aquisitions-api"}
{"level":"info","message":"::1 - - [05/Jun/2026:08:15:05 +0000] \"POST /api/auth/sign-up HTTP/1.1\" 400 92 \"-\" \"HTTPie\"","service":"aquisitions-api"}
{"level":"info","message":"::1 - - [05/Jun/2026:08:16:06 +0000] \"POST /api/auth/sign-up HTTP/1.1\" 400 167 \"-\" \"HTTPie\"","service":"aquisitions-api"}
{"level":"info","message":"User registered successfully: contact@jsmastery.com","service":"aquisitions-api"}
{"level":"info","message":"::1 - - [05/Jun/2026:08:17:04 +0000] \"POST /api/auth/sign-up HTTP/1.1\" 201 107 \"-\" \"HTTPie\"","service":"aquisitions-api"}
{"level":"info","message":"::1 - - [05/Jun/2026:08:54:04 +0000] \"POST /api/auth/sign-up HTTP/1.1\" 400 196 \"-\" \"HTTPie\"","service":"aquisitions-api"}
{"level":"info","message":"::1 - - [05/Jun/2026:08:54:05 +0000] \"POST /api/auth/sign-up HTTP/1.1\" 400 196 \"-\" \"HTTPie\"","service":"aquisitions-api"}
{"level":"info","message":"::1 - - [05/Jun/2026:08:54:05 +0000] \"POST /api/auth/sign-up HTTP/1.1\" 400 196 \"-\" \"HTTPie\"","service":"aquisitions-api"}
{"level":"info","message":"::1 - - [05/Jun/2026:08:54:10 +0000] \"POST /api/auth/sign-up HTTP/1.1\" 400 196 \"-\" \"HTTPie\"","service":"aquisitions-api"}
{"level":"info","message":"::1 - - [05/Jun/2026:08:54:13 +0000] \"POST /api/auth/sign-up HTTP/1.1\" 400 196 \"-\" \"HTTPie\"","service":"aquisitions-api"}
{"level":"info","message":"::1 - - [05/Jun/2026:08:54:13 +0000] \"POST /api/auth/sign-up HTTP/1.1\" 400 196 \"-\" \"HTTPie\"","service":"aquisitions-api"}
{"level":"info","message":"User admin@jsmastery.pro created successfully","service":"aquisitions-api"}
{"level":"info","message":"User registered successfully: admin@jsmastery.pro","service":"aquisitions-api"}
{"level":"info","message":"::1 - - [05/Jun/2026:08:56:59 +0000] \"POST /api/auth/sign-up HTTP/1.1\" 201 313 \"-\" \"HTTPie\"","service":"aquisitions-api"}
{"level":"error","message":"Error creating the user: Error: Failed query: insert into \"users\" (\"id\", \"name\", \"email\", \"password\", \"role\", \"created_at\", \"updated_at\") values (default, $1, $2, $3, $4, default, default) returning \"id\", \"name\", \"email\", \"role\", \"created_at\"\nparams: Admin,admin@jsmastery.pro,$2b$10$7dSwzI/Dl5cx6vuaYl.GU.9//G87dlGk5DZe6AuiI3NEm2hLhg7Am,admin","service":"aquisitions-api"}
{"cause":{"code":"23505","constraint":"users_email_unique","detail":"Key (email)=(admin@jsmastery.pro) already exists.","file":"nbtinsert.c","line":"667","name":"NeonDbError","routine":"_bt_check_unique","schema":"public","severity":"ERROR","table":"users"},"level":"error","message":"Signup error Failed query: insert into \"users\" (\"id\", \"name\", \"email\", \"password\", \"role\", \"created_at\", \"updated_at\") values (default, $1, $2, $3, $4, default, default) returning \"id\", \"name\", \"email\", \"role\", \"created_at\"\nparams: Admin,admin@jsmastery.pro,$2b$10$7dSwzI/Dl5cx6vuaYl.GU.9//G87dlGk5DZe6AuiI3NEm2hLhg7Am,admin","params":["Admin","admin@jsmastery.pro","$2b$10$7dSwzI/Dl5cx6vuaYl.GU.9//G87dlGk5DZe6AuiI3NEm2hLhg7Am","admin"],"query":"insert into \"users\" (\"id\", \"name\", \"email\", \"password\", \"role\", \"created_at\", \"updated_at\") values (default, $1, $2, $3, $4, default, default) returning \"id\", \"name\", \"email\", \"role\", \"created_at\"","service":"aquisitions-api","stack":"Error: Failed query: insert into \"users\" (\"id\", \"name\", \"email\", \"password\", \"role\", \"created_at\", \"updated_at\") values (default, $1, $2, $3, $4, default, default) returning \"id\", \"name\", \"email\", \"role\", \"created_at\"\nparams: Admin,admin@jsmastery.pro,$2b$10$7dSwzI/Dl5cx6vuaYl.GU.9//G87dlGk5DZe6AuiI3NEm2hLhg7Am,admin\n    at NeonHttpPreparedQuery.queryWithCache (file:///C:/Users/nathi/WebstormProjects/acquisitions/node_modules/drizzle-orm/pg-core/session.js:41:15)\n    at process.processTicksAndRejections (node:internal/process/task_queues:104:5)\n    at async NeonHttpPreparedQuery.execute (file:///C:/Users/nathi/WebstormProjects/acquisitions/node_modules/drizzle-orm/neon-http/session.js:45:20)\n    at async createUser (file:///C:/Users/nathi/WebstormProjects/acquisitions/src/services/auth.service.js:26:23)\n    at async signup (file:///C:/Users/nathi/WebstormProjects/acquisitions/src/controllers/auth.controller.js:20:18)"}
{"level":"info","message":"::1 - - [05/Jun/2026:08:57:23 +0000] \"POST /api/auth/sign-up HTTP/1.1\" 500 1255 \"-\" \"HTTPie\"","service":"aquisitions-api"}
{"level":"error","message":"Error creating the user: Error: Failed query: insert into \"users\" (\"id\", \"name\", \"email\", \"password\", \"role\", \"created_at\", \"updated_at\") values (default, $1, $2, $3, $4, default, default) returning \"id\", \"name\", \"email\", \"role\", \"created_at\"\nparams: Admin,admin@jsmastery.pro,$2b$10$OVLcfcuKr12wA8bm1/tZK.9oUWjNh1dJMG53YfXGr01p9mUo4PMMu,admin","service":"aquisitions-api"}
{"cause":{"code":"23505","constraint":"users_email_unique","detail":"Key (email)=(admin@jsmastery.pro) already exists.","file":"nbtinsert.c","line":"667","name":"NeonDbError","routine":"_bt_check_unique","schema":"public","severity":"ERROR","table":"users"},"level":"error","message":"Signup error Failed query: insert into \"users\" (\"id\", \"name\", \"email\", \"password\", \"role\", \"created_at\", \"updated_at\") values (default, $1, $2, $3, $4, default, default) returning \"id\", \"name\", \"email\", \"role\", \"created_at\"\nparams: Admin,admin@jsmastery.pro,$2b$10$OVLcfcuKr12wA8bm1/tZK.9oUWjNh1dJMG53YfXGr01p9mUo4PMMu,admin","params":["Admin","admin@jsmastery.pro","$2b$10$OVLcfcuKr12wA8bm1/tZK.9oUWjNh1dJMG53YfXGr01p9mUo4PMMu","admin"],"query":"insert into \"users\" (\"id\", \"name\", \"email\", \"password\", \"role\", \"created_at\", \"updated_at\") values (default, $1, $2, $3, $4, default, default) returning \"id\", \"name\", \"email\", \"role\", \"created_at\"","service":"aquisitions-api","stack":"Error: Failed query: insert into \"users\" (\"id\", \"name\", \"email\", \"password\", \"role\", \"created_at\", \"updated_at\") values (default, $1, $2, $3, $4, default, default) returning \"id\", \"name\", \"email\", \"role\", \"created_at\"\nparams: Admin,admin@jsmastery.pro,$2b$10$OVLcfcuKr12wA8bm1/tZK.9oUWjNh1dJMG53YfXGr01p9mUo4PMMu,admin\n    at NeonHttpPreparedQuery.queryWithCache (file:///C:/Users/nathi/WebstormProjects/acquisitions/node_modules/drizzle-orm/pg-core/session.js:41:15)\n    at process.processTicksAndRejections (node:internal/process/task_queues:104:5)\n    at async NeonHttpPreparedQuery.execute (file:///C:/Users/nathi/WebstormProjects/acquisitions/node_modules/drizzle-orm/neon-http/session.js:45:20)\n    at async createUser (file:///C:/Users/nathi/WebstormProjects/acquisitions/src/services/auth.service.js:26:23)\n    at async signup (file:///C:/Users/nathi/WebstormProjects/acquisitions/src/controllers/auth.controller.js:20:18)"}
{"level":"info","message":"::1 - - [05/Jun/2026:08:57:27 +0000] \"POST /api/auth/sign-up HTTP/1.1\" 500 1255 \"-\" \"HTTPie\"","service":"aquisitions-api"}
{"level":"error","message":"Error creating the user: Error: Failed query: insert into \"users\" (\"id\", \"name\", \"email\", \"password\", \"role\", \"created_at\", \"updated_at\") values (default, $1, $2, $3, $4, default, default) returning \"id\", \"name\", \"email\", \"role\", \"created_at\"\nparams: Admin,admin@jsmastery.pro,$2b$10$8ckLd4TWsqy/kgnyncR0Bu32PjSbrHIlC3efkjgYIPNTtZDNOx.zi,admin","service":"aquisitions-api"}
{"cause":{"code":"23505","constraint":"users_email_unique","detail":"Key (email)=(admin@jsmastery.pro) already exists.","file":"nbtinsert.c","line":"667","name":"NeonDbError","routine":"_bt_check_unique","schema":"public","severity":"ERROR","table":"users"},"level":"error","message":"Signup error Failed query: insert into \"users\" (\"id\", \"name\", \"email\", \"password\", \"role\", \"created_at\", \"updated_at\") values (default, $1, $2, $3, $4, default, default) returning \"id\", \"name\", \"email\", \"role\", \"created_at\"\nparams: Admin,admin@jsmastery.pro,$2b$10$8ckLd4TWsqy/kgnyncR0Bu32PjSbrHIlC3efkjgYIPNTtZDNOx.zi,admin","params":["Admin","admin@jsmastery.pro","$2b$10$8ckLd4TWsqy/kgnyncR0Bu32PjSbrHIlC3efkjgYIPNTtZDNOx.zi","admin"],"query":"insert into \"users\" (\"id\", \"name\", \"email\", \"password\", \"role\", \"created_at\", \"updated_at\") values (default, $1, $2, $3, $4, default, default) returning \"id\", \"name\", \"email\", \"role\", \"created_at\"","service":"aquisitions-api","stack":"Error: Failed query: insert into \"users\" (\"id\", \"name\", \"email\", \"password\", \"role\", \"created_at\", \"updated_at\") values (default, $1, $2, $3, $4, default, default) returning \"id\", \"name\", \"email\", \"role\", \"created_at\"\nparams: Admin,admin@jsmastery.pro,$2b$10$8ckLd4TWsqy/kgnyncR0Bu32PjSbrHIlC3efkjgYIPNTtZDNOx.zi,admin\n    at NeonHttpPreparedQuery.queryWithCache (file:///C:/Users/nathi/WebstormProjects/acquisitions/node_modules/drizzle-orm/pg-core/session.js:41:15)\n    at process.processTicksAndRejections (node:internal/process/task_queues:104:5)\n    at async NeonHttpPreparedQuery.execute (file:///C:/Users/nathi/WebstormProjects/acquisitions/node_modules/drizzle-orm/neon-http/session.js:45:20)\n    at async createUser (file:///C:/Users/nathi/WebstormProjects/acquisitions/src/services/auth.service.js:26:23)\n    at async signup (file:///C:/Users/nathi/WebstormProjects/acquisitions/src/controllers/auth.controller.js:20:18)"}
{"level":"info","message":"::1 - - [05/Jun/2026:08:57:28 +0000] \"POST /api/auth/sign-up HTTP/1.1\" 500 1255 \"-\" \"HTTPie\"","service":"aquisitions-api"}
{"level":"error","message":"Error creating user: User already exists","service":"aquisitions-api"}
{"level":"error","message":"Signup error User already exists","service":"aquisitions-api","stack":"Error: User already exists\n    at createUser (file:///C:/Users/nathi/WebstormProjects/acquisitions/src/services/auth.service.js:25:13)\n    at process.processTicksAndRejections (node:internal/process/task_queues:104:5)\n    at async signup (file:///C:/Users/nathi/WebstormProjects/acquisitions/src/controllers/auth.controller.js:21:18)"}
{"level":"info","message":"::1 - - [05/Jun/2026:09:02:41 +0000] \"POST /api/auth/sign-up HTTP/1.1\" 500 499 \"-\" \"HTTPie\"","service":"aquisitions-api"}
{"level":"error","message":"Error creating user: User already exists","service":"aquisitions-api"}
{"level":"error","message":"Signup error User already exists","service":"aquisitions-api","stack":"Error: User already exists\n    at createUser (file:///C:/Users/nathi/WebstormProjects/acquisitions/src/services/auth.service.js:25:13)\n    at process.processTicksAndRejections (node:internal/process/task_queues:104:5)\n    at async signup (file:///C:/Users/nathi/WebstormProjects/acquisitions/src/controllers/auth.controller.js:21:18)"}
{"level":"info","message":"::1 - - [05/Jun/2026:09:11:39 +0000] \"POST /api/auth/sign-up HTTP/1.1\" 500 499 \"-\" \"HTTPie\"","service":"aquisitions-api"}
{"level":"info","message":"::1 - - [05/Jun/2026:09:11:59 +0000] \"GET /api/auth/sign-up HTTP/1.1\" 404 155 \"-\" \"HTTPie\"","service":"aquisitions-api"}
{"level":"error","message":"Error creating user: User already exists","service":"aquisitions-api"}
{"level":"error","message":"Signup error User already exists","service":"aquisitions-api","stack":"Error: User already exists\n    at createUser (file:///C:/Users/nathi/WebstormProjects/acquisitions/src/services/auth.service.js:25:13)\n    at process.processTicksAndRejections (node:internal/process/task_queues:104:5)\n    at async signup (file:///C:/Users/nathi/WebstormProjects/acquisitions/src/controllers/auth.controller.js:21:18)"}
{"level":"info","message":"::1 - - [05/Jun/2026:09:13:25 +0000] \"POST /api/auth/sign-up HTTP/1.1\" 500 499 \"-\" \"HTTPie\"","service":"aquisitions-api"}
{"level":"error","message":"Error creating user: User already exists","service":"aquisitions-api"}
{"level":"error","message":"Signup error User already exists","service":"aquisitions-api","stack":"Error: User already exists\n    at createUser (file:///C:/Users/nathi/WebstormProjects/acquisitions/src/services/auth.service.js:25:13)\n    at process.processTicksAndRejections (node:internal/process/task_queues:104:5)\n    at async signup (file:///C:/Users/nathi/WebstormProjects/acquisitions/src/controllers/auth.controller.js:21:18)"}
{"level":"info","message":"::1 - - [05/Jun/2026:09:13:32 +0000] \"POST /api/auth/sign-up HTTP/1.1\" 500 499 \"-\" \"HTTPie\"","service":"aquisitions-api"}
{"level":"info","message":"User nathim2026test@gmail.com created successfully","service":"aquisitions-api"}
{"level":"info","message":"User registered successfully: nathim2026test@gmail.com","service":"aquisitions-api"}
{"level":"info","message":"::1 - - [05/Jun/2026:09:18:43 +0000] \"POST /api/auth/sign-up HTTP/1.1\" 201 324 \"-\" \"HTTPie\"","service":"aquisitions-api"}
{"level":"info","message":"::1 - - [05/Jun/2026:09:18:57 +0000] \"POST /api/auth/sign-up HTTP/1.1\" 400 92 \"-\" \"HTTPie\"","service":"aquisitions-api"}
{"level":"info","message":"::1 - - [05/Jun/2026:09:19:00 +0000] \"POST /api/auth/sign-up HTTP/1.1\" 400 92 \"-\" \"HTTPie\"","service":"aquisitions-api"}
{"level":"info","message":"::1 - - [05/Jun/2026:09:19:00 +0000] \"POST /api/auth/sign-up HTTP/1.1\" 400 92 \"-\" \"HTTPie\"","service":"aquisitions-api"}
{"level":"info","message":"::1 - - [05/Jun/2026:09:22:17 +0000] \"POST /api/auth/sign-up HTTP/1.1\" 400 92 \"-\" \"HTTPie\"","service":"aquisitions-api"}
